Error: http://localhost:8888 is already used, make sure that nothing is running on the port/url or set reuseExistingServer:true in config.webServer.

